0 verbose cli /usr/bin/node /usr/bin/npm
1 info using npm@9.2.0
2 info using node@v20.19.2
3 timing npm:load:whichnode Completed in 2ms
4 timing config:load:defaults Completed in 5ms
5 timing config:load:file:/usr/share/nodejs/npm/npmrc Completed in 10ms
6 timing config:load:builtin Completed in 11ms
7 timing config:load:cli Completed in 5ms
8 timing config:load:env Completed in 2ms
9 timing config:load:project Completed in 7ms
10 timing config:load:file:/root/.npmrc Completed in 1ms
11 timing config:load:user Completed in 2ms
12 timing config:load:file:/etc/npmrc Completed in 1ms
13 timing config:load:global Completed in 1ms
14 timing config:load:setEnvs Completed in 3ms
15 timing config:load Completed in 38ms
16 timing npm:load:configload Completed in 39ms
17 timing npm:load:mkdirpcache Completed in 1ms
18 timing npm:load:mkdirplogs Completed in 1ms
19 verbose title npm install localtunnel
20 verbose argv "install" "--global" "localtunnel"
21 timing npm:load:setTitle Completed in 3ms
22 timing config:load:flatten Completed in 8ms
23 timing npm:load:display Completed in 11ms
24 verbose logfile logs-max:10 dir:/root/.npm/_logs/2026-10-04T22_36_30_904Z-
25 verbose logfile /root/.npm/_logs/2026-10-04T22_36_30_904Z-debug-0.log
26 timing npm:load:logFile Completed in 19ms
27 timing npm:load:timers Completed in 0ms
28 timing npm:load:configScope Completed in 0ms
29 timing npm:load Completed in 78ms
30 timing config:load:flatten Completed in 1ms
31 timing arborist:ctor Completed in 2ms
32 silly logfile done cleaning log files
33 timing idealTree:init Completed in 13ms
34 timing idealTree:userRequests Completed in 8ms
35 silly idealTree buildDeps
36 silly fetch manifest localtunnel@*
37 http fetch GET 200 https://registry.npmjs.org/localtunnel 966ms (cache miss)
38 silly placeDep ROOT localtunnel@2.0.2 OK for:  want: *
39 silly fetch manifest axios@0.21.4
40 silly fetch manifest debug@4.3.2
41 silly fetch manifest openurl@1.1.1
42 silly fetch manifest yargs@17.1.1
43 http fetch GET 200 https://registry.npmjs.org/axios 179ms (cache miss)
44 http fetch GET 200 https://registry.npmjs.org/debug 274ms (cache miss)
45 http fetch GET 200 https://registry.npmjs.org/yargs 340ms (cache miss)
46 http fetch GET 200 https://registry.npmjs.org/openurl 447ms (cache miss)
47 timing idealTree:#root Completed in 1462ms
48 silly placeDep node_modules/localtunnel axios@0.21.4 OK for: localtunnel@2.0.2 want: 0.21.4
49 silly placeDep node_modules/localtunnel debug@4.3.2 OK for: localtunnel@2.0.2 want: 4.3.2
50 silly placeDep node_modules/localtunnel openurl@1.1.1 OK for: localtunnel@2.0.2 want: 1.1.1
51 silly placeDep node_modules/localtunnel yargs@17.1.1 OK for: localtunnel@2.0.2 want: 17.1.1
52 silly fetch manifest follow-redirects@^1.14.0
53 silly fetch manifest ms@2.1.2
54 silly fetch manifest y18n@^5.0.5
55 silly fetch manifest cliui@^7.0.2
56 silly fetch manifest escalade@^3.1.1
57 silly fetch manifest string-width@^4.2.0
58 silly fetch manifest yargs-parser@^20.2.2
59 silly fetch manifest get-caller-file@^2.0.5
60 silly fetch manifest require-directory@^2.1.1
61 http fetch GET 200 https://registry.npmjs.org/y18n 401ms (cache miss)
62 http fetch GET 200 https://registry.npmjs.org/follow-redirects 414ms (cache miss)
63 http fetch GET 200 https://registry.npmjs.org/ms 455ms (cache miss)
64 http fetch GET 200 https://registry.npmjs.org/cliui 457ms (cache miss)
65 http fetch GET 200 https://registry.npmjs.org/require-directory 582ms (cache miss)
66 http fetch GET 200 https://registry.npmjs.org/get-caller-file 596ms (cache miss)
67 http fetch GET 200 https://registry.npmjs.org/escalade 606ms (cache miss)
68 http fetch GET 200 https://registry.npmjs.org/string-width 612ms (cache miss)
69 http fetch GET 200 https://registry.npmjs.org/yargs-parser 631ms (cache miss)
70 timing idealTree:node_modules/localtunnel Completed in 695ms
71 silly placeDep node_modules/localtunnel follow-redirects@1.16.1 OK for: axios@0.21.4 want: ^1.14.0
72 timing idealTree:node_modules/localtunnel/node_modules/axios Completed in 9ms
73 silly placeDep node_modules/localtunnel ms@2.1.2 OK for: debug@4.3.2 want: 2.1.2
74 timing idealTree:node_modules/localtunnel/node_modules/debug Completed in 7ms
75 timing idealTree:node_modules/localtunnel/node_modules/follow-redirects Completed in 0ms
76 timing idealTree:node_modules/localtunnel/node_modules/ms Completed in 0ms
77 timing idealTree:node_modules/localtunnel/node_modules/openurl Completed in 0ms
78 silly placeDep node_modules/localtunnel cliui@7.0.4 OK for: yargs@17.1.1 want: ^7.0.2
79 silly placeDep node_modules/localtunnel escalade@3.2.0 OK for: yargs@17.1.1 want: ^3.1.1
80 silly placeDep node_modules/localtunnel get-caller-file@2.0.5 OK for: yargs@17.1.1 want: ^2.0.5
81 silly placeDep node_modules/localtunnel require-directory@2.1.1 OK for: yargs@17.1.1 want: ^2.1.1
82 silly placeDep node_modules/localtunnel string-width@4.2.3 OK for: yargs@17.1.1 want: ^4.2.0
83 silly placeDep node_modules/localtunnel y18n@5.0.8 OK for: yargs@17.1.1 want: ^5.0.5
84 silly placeDep node_modules/localtunnel yargs-parser@20.2.9 OK for: yargs@17.1.1 want: ^20.2.2
85 silly fetch manifest wrap-ansi@^7.0.0
86 silly fetch manifest strip-ansi@^6.0.0
87 silly fetch manifest strip-ansi@^6.0.1
88 silly fetch manifest emoji-regex@^8.0.0
89 silly fetch manifest is-fullwidth-code-point@^3.0.0
90 http fetch GET 200 https://registry.npmjs.org/is-fullwidth-code-point 176ms (cache miss)
91 http fetch GET 200 https://registry.npmjs.org/strip-ansi 181ms (cache miss)
92 http fetch GET 200 https://registry.npmjs.org/strip-ansi 185ms (cache miss)
93 http fetch GET 200 https://registry.npmjs.org/wrap-ansi 190ms (cache miss)
94 http fetch GET 200 https://registry.npmjs.org/emoji-regex 193ms (cache miss)
95 timing idealTree:node_modules/localtunnel/node_modules/yargs Completed in 235ms
96 silly placeDep node_modules/localtunnel strip-ansi@6.0.1 OK for: cliui@7.0.4 want: ^6.0.0
97 silly placeDep node_modules/localtunnel wrap-ansi@7.0.0 OK for: cliui@7.0.4 want: ^7.0.0
98 silly fetch manifest ansi-regex@^5.0.1
99 silly fetch manifest ansi-styles@^4.0.0
100 http fetch GET 200 https://registry.npmjs.org/ansi-regex 134ms (cache miss)
101 http fetch GET 200 https://registry.npmjs.org/ansi-styles 137ms (cache miss)
102 timing idealTree:node_modules/localtunnel/node_modules/cliui Completed in 151ms
103 timing idealTree:node_modules/localtunnel/node_modules/escalade Completed in 0ms
104 timing idealTree:node_modules/localtunnel/node_modules/get-caller-file Completed in 0ms
105 timing idealTree:node_modules/localtunnel/node_modules/require-directory Completed in 0ms
106 silly placeDep node_modules/localtunnel emoji-regex@8.0.0 OK for: string-width@4.2.3 want: ^8.0.0
107 silly placeDep node_modules/localtunnel is-fullwidth-code-point@3.0.0 OK for: string-width@4.2.3 want: ^3.0.0
108 timing idealTree:node_modules/localtunnel/node_modules/string-width Completed in 8ms
109 timing idealTree:node_modules/localtunnel/node_modules/emoji-regex Completed in 0ms
110 timing idealTree:node_modules/localtunnel/node_modules/is-fullwidth-code-point Completed in 0ms
111 silly placeDep node_modules/localtunnel ansi-regex@5.0.1 OK for: strip-ansi@6.0.1 want: ^5.0.1
112 timing idealTree:node_modules/localtunnel/node_modules/strip-ansi Completed in 4ms
113 timing idealTree:node_modules/localtunnel/node_modules/ansi-regex Completed in 0ms
114 silly placeDep node_modules/localtunnel ansi-styles@4.3.0 OK for: wrap-ansi@7.0.0 want: ^4.0.0
115 silly fetch manifest color-convert@^2.0.1
116 http fetch GET 200 https://registry.npmjs.org/color-convert 112ms (cache miss)
117 timing idealTree:node_modules/localtunnel/node_modules/wrap-ansi Completed in 120ms
118 silly placeDep node_modules/localtunnel color-convert@2.0.1 OK for: ansi-styles@4.3.0 want: ^2.0.1
119 silly fetch manifest color-name@~1.1.4
120 http fetch GET 200 https://registry.npmjs.org/color-name 104ms (cache miss)
121 timing idealTree:node_modules/localtunnel/node_modules/ansi-styles Completed in 116ms
122 silly placeDep node_modules/localtunnel color-name@1.1.4 OK for: color-convert@2.0.1 want: ~1.1.4
123 timing idealTree:node_modules/localtunnel/node_modules/color-convert Completed in 4ms
124 timing idealTree:node_modules/localtunnel/node_modules/color-name Completed in 0ms
125 timing idealTree:node_modules/localtunnel/node_modules/y18n Completed in 0ms
126 timing idealTree:node_modules/localtunnel/node_modules/yargs-parser Completed in 0ms
127 timing idealTree:buildDeps Completed in 2827ms
128 timing idealTree:fixDepFlags Completed in 5ms
129 timing idealTree Completed in 2858ms
130 timing reify:loadTrees Completed in 2867ms
131 timing reify:diffTrees Completed in 7ms
132 silly reify moves {}
133 timing reify:retireShallow Completed in 3ms
134 timing reify:createSparse Completed in 46ms
135 timing reify:loadBundles Completed in 0ms
136 silly tarball no local data for color-convert@https://registry.npmjs.org/color-convert/-/color-convert-2.0.1.tgz. Extracting by manifest.
137 silly tarball no local data for color-name@https://registry.npmjs.org/color-name/-/color-name-1.1.4.tgz. Extracting by manifest.
138 silly tarball no local data for localtunnel@https://registry.npmjs.org/localtunnel/-/localtunnel-2.0.2.tgz. Extracting by manifest.
139 silly tarball no local data for ansi-regex@https://registry.npmjs.org/ansi-regex/-/ansi-regex-5.0.1.tgz. Extracting by manifest.
140 silly tarball no local data for is-fullwidth-code-point@https://registry.npmjs.org/is-fullwidth-code-point/-/is-fullwidth-code-point-3.0.0.tgz. Extracting by manifest.
141 silly tarball no local data for emoji-regex@https://registry.npmjs.org/emoji-regex/-/emoji-regex-8.0.0.tgz. Extracting by manifest.
142 silly tarball no local data for wrap-ansi@https://registry.npmjs.org/wrap-ansi/-/wrap-ansi-7.0.0.tgz. Extracting by manifest.
143 silly tarball no local data for ansi-styles@https://registry.npmjs.org/ansi-styles/-/ansi-styles-4.3.0.tgz. Extracting by manifest.
144 silly tarball no local data for yargs-parser@https://registry.npmjs.org/yargs-parser/-/yargs-parser-20.2.9.tgz. Extracting by manifest.
145 silly tarball no local data for strip-ansi@https://registry.npmjs.org/strip-ansi/-/strip-ansi-6.0.1.tgz. Extracting by manifest.
146 silly tarball no local data for string-width@https://registry.npmjs.org/string-width/-/string-width-4.2.3.tgz. Extracting by manifest.
147 silly tarball no local data for y18n@https://registry.npmjs.org/y18n/-/y18n-5.0.8.tgz. Extracting by manifest.
148 silly tarball no local data for get-caller-file@https://registry.npmjs.org/get-caller-file/-/get-caller-file-2.0.5.tgz. Extracting by manifest.
149 silly tarball no local data for require-directory@https://registry.npmjs.org/require-directory/-/require-directory-2.1.1.tgz. Extracting by manifest.
150 silly tarball no local data for escalade@https://registry.npmjs.org/escalade/-/escalade-3.2.0.tgz. Extracting by manifest.
151 silly tarball no local data for cliui@https://registry.npmjs.org/cliui/-/cliui-7.0.4.tgz. Extracting by manifest.
152 silly tarball no local data for ms@https://registry.npmjs.org/ms/-/ms-2.1.2.tgz. Extracting by manifest.
153 silly tarball no local data for openurl@https://registry.npmjs.org/openurl/-/openurl-1.1.1.tgz. Extracting by manifest.
154 silly tarball no local data for follow-redirects@https://registry.npmjs.org/follow-redirects/-/follow-redirects-1.16.1.tgz. Extracting by manifest.
155 silly tarball no local data for yargs@https://registry.npmjs.org/yargs/-/yargs-17.1.1.tgz. Extracting by manifest.
156 silly tarball no local data for debug@https://registry.npmjs.org/debug/-/debug-4.3.2.tgz. Extracting by manifest.
157 silly tarball no local data for axios@https://registry.npmjs.org/axios/-/axios-0.21.4.tgz. Extracting by manifest.
158 http fetch GET 200 https://registry.npmjs.org/color-name/-/color-name-1.1.4.tgz 521ms (cache miss)
159 timing reifyNode:node_modules/localtunnel/node_modules/color-name Completed in 612ms
160 http fetch GET 200 https://registry.npmjs.org/ansi-regex/-/ansi-regex-5.0.1.tgz 541ms (cache miss)
161 timing reifyNode:node_modules/localtunnel/node_modules/ansi-regex Completed in 637ms
162 http fetch GET 200 https://registry.npmjs.org/color-convert/-/color-convert-2.0.1.tgz 564ms (cache miss)
163 timing reifyNode:node_modules/localtunnel/node_modules/color-convert Completed in 652ms
164 http fetch GET 200 https://registry.npmjs.org/is-fullwidth-code-point/-/is-fullwidth-code-point-3.0.0.tgz 555ms (cache miss)
165 timing reifyNode:node_modules/localtunnel/node_modules/is-fullwidth-code-point Completed in 651ms
166 http fetch GET 200 https://registry.npmjs.org/openurl/-/openurl-1.1.1.tgz 524ms (cache miss)
167 timing reifyNode:node_modules/localtunnel/node_modules/openurl Completed in 653ms
168 http fetch GET 200 https://registry.npmjs.org/ansi-styles/-/ansi-styles-4.3.0.tgz 564ms (cache miss)
169 timing reifyNode:node_modules/localtunnel/node_modules/ansi-styles Completed in 669ms
170 http fetch GET 200 https://registry.npmjs.org/wrap-ansi/-/wrap-ansi-7.0.0.tgz 568ms (cache miss)
171 timing reifyNode:node_modules/localtunnel/node_modules/wrap-ansi Completed in 669ms
172 http fetch GET 200 https://registry.npmjs.org/emoji-regex/-/emoji-regex-8.0.0.tgz 571ms (cache miss)
173 timing reifyNode:node_modules/localtunnel/node_modules/emoji-regex Completed in 669ms
174 http fetch GET 200 https://registry.npmjs.org/ms/-/ms-2.1.2.tgz 564ms (cache miss)
175 timing reifyNode:node_modules/localtunnel/node_modules/ms Completed in 690ms
176 http fetch GET 200 https://registry.npmjs.org/strip-ansi/-/strip-ansi-6.0.1.tgz 605ms (cache miss)
177 timing reifyNode:node_modules/localtunnel/node_modules/strip-ansi Completed in 713ms
178 http fetch GET 200 https://registry.npmjs.org/debug/-/debug-4.3.2.tgz 581ms (cache miss)
179 timing reifyNode:node_modules/localtunnel/node_modules/debug Completed in 722ms
180 http fetch GET 200 https://registry.npmjs.org/get-caller-file/-/get-caller-file-2.0.5.tgz 609ms (cache miss)
181 timing reifyNode:node_modules/localtunnel/node_modules/get-caller-file Completed in 725ms
182 http fetch GET 200 https://registry.npmjs.org/string-width/-/string-width-4.2.3.tgz 624ms (cache miss)
183 timing reifyNode:node_modules/localtunnel/node_modules/string-width Completed in 734ms
184 http fetch GET 200 https://registry.npmjs.org/cliui/-/cliui-7.0.4.tgz 627ms (cache miss)
185 timing reifyNode:node_modules/localtunnel/node_modules/cliui Completed in 752ms
186 http fetch GET 200 https://registry.npmjs.org/localtunnel/-/localtunnel-2.0.2.tgz 670ms (cache miss)
187 timing reifyNode:node_modules/localtunnel Completed in 764ms
188 http fetch GET 200 https://registry.npmjs.org/y18n/-/y18n-5.0.8.tgz 653ms (cache miss)
189 http fetch GET 200 https://registry.npmjs.org/require-directory/-/require-directory-2.1.1.tgz 654ms (cache miss)
190 timing reifyNode:node_modules/localtunnel/node_modules/require-directory Completed in 772ms
191 http fetch GET 200 https://registry.npmjs.org/escalade/-/escalade-3.2.0.tgz 652ms (cache miss)
192 timing reifyNode:node_modules/localtunnel/node_modules/escalade Completed in 777ms
193 timing reifyNode:node_modules/localtunnel/node_modules/y18n Completed in 779ms
194 http fetch GET 200 https://registry.npmjs.org/follow-redirects/-/follow-redirects-1.16.1.tgz 649ms (cache miss)
195 timing reifyNode:node_modules/localtunnel/node_modules/follow-redirects Completed in 779ms
196 http fetch GET 200 https://registry.npmjs.org/yargs-parser/-/yargs-parser-20.2.9.tgz 687ms (cache miss)
197 timing reifyNode:node_modules/localtunnel/node_modules/yargs-parser Completed in 792ms
198 http fetch GET 200 https://registry.npmjs.org/axios/-/axios-0.21.4.tgz 776ms (cache miss)
199 timing reifyNode:node_modules/localtunnel/node_modules/axios Completed in 921ms
200 http fetch GET 200 https://registry.npmjs.org/yargs/-/yargs-17.1.1.tgz 800ms (cache miss)
201 timing reifyNode:node_modules/localtunnel/node_modules/yargs Completed in 940ms
202 timing reify:unpack Completed in 944ms
203 timing reify:unretire Completed in 0ms
204 timing build:queue Completed in 9ms
205 timing build:link:node_modules/localtunnel Completed in 7ms
206 timing build:link Completed in 7ms
207 timing build:deps Completed in 16ms
208 timing build Completed in 16ms
209 timing reify:build Completed in 17ms
210 timing reify:trash Completed in 0ms
211 timing reify Completed in 3902ms
212 silly ADD node_modules/localtunnel
213 silly ADD node_modules/localtunnel/node_modules/color-name
214 silly ADD node_modules/localtunnel/node_modules/color-convert
215 silly ADD node_modules/localtunnel/node_modules/ansi-styles
216 silly ADD node_modules/localtunnel/node_modules/ansi-regex
217 silly ADD node_modules/localtunnel/node_modules/is-fullwidth-code-point
218 silly ADD node_modules/localtunnel/node_modules/emoji-regex
219 silly ADD node_modules/localtunnel/node_modules/wrap-ansi
220 silly ADD node_modules/localtunnel/node_modules/strip-ansi
221 silly ADD node_modules/localtunnel/node_modules/yargs-parser
222 silly ADD node_modules/localtunnel/node_modules/y18n
223 silly ADD node_modules/localtunnel/node_modules/string-width
224 silly ADD node_modules/localtunnel/node_modules/require-directory
225 silly ADD node_modules/localtunnel/node_modules/get-caller-file
226 silly ADD node_modules/localtunnel/node_modules/escalade
227 silly ADD node_modules/localtunnel/node_modules/cliui
228 silly ADD node_modules/localtunnel/node_modules/ms
229 silly ADD node_modules/localtunnel/node_modules/follow-redirects
230 silly ADD node_modules/localtunnel/node_modules/yargs
231 silly ADD node_modules/localtunnel/node_modules/openurl
232 silly ADD node_modules/localtunnel/node_modules/debug
233 silly ADD node_modules/localtunnel/node_modules/axios
234 timing command:install Completed in 3920ms
235 verbose exit 0
236 timing npm Completed in 4123ms
237 info ok
